// Jest Snapshot v1, https://goo.gl/fbAQLP

exports[`SideBar Component snapshot it should render the right amount of elements 1`] = `
<div>
  <header>
    <div
      className="side-nav fixed"
      id="slide-out"
    >
      <div
        className="side-nav-section logo"
      >
        <Link
          className="brand-logo logo"
          replace={false}
          to="/"
        >
          <img
            alt="test"
            height="40"
            src="/img/logo-billvoting.png"
          />
          <span
            className="logo-text"
          >
            wevote
          </span>
        </Link>
      </div>
      <div
        className="side-nav-section channels"
      >
        <ul
          className="side-nav-list"
        >
          <li
            className="side-nav-item"
          >
            <NavLink
              activeClassName="active"
              ariaCurrent="true"
              exact={true}
              id="user-profile"
              to="/profile"
            >
              Profile 
            </NavLink>
          </li>
          <li
            className="side-nav-item"
          >
            <NavLink
              activeClassName="active"
              ariaCurrent="true"
              exact={true}
              to="/bills"
            >
              Bills 
            </NavLink>
          </li>
          <li
            className="side-nav-item"
          >
            <NavLink
              activeClassName="active"
              ariaCurrent="true"
              exact={true}
              id="user-votedBills"
              to="/bills/voted"
            >
              Voted Bills 
            </NavLink>
          </li>
        </ul>
        <div
          className="side-nav-logout-btn"
          id="logout"
          onClick={[Function]}
        >
          <a>
            Logout
          </a>
        </div>
      </div>
    </div>
  </header>
</div>
`;
