// Jest Snapshot v1, https://goo.gl/fbAQLP

exports[`Users Component snapshot it should render the right amount of elements 1`] = `
<div
  className="dashboard-container"
>
  <Connect(SideBar) />
  <main>
    <div
      className="welcome-caption"
    >
      <div
        className="mobile-hambuger"
      >
        <a
          className="button-collapse hide-on-large-only "
          data-activates="slide-out"
          href="#"
        >
          <i
            className="material-icons"
          >
            menu
          </i>
        </a>
      </div>
      <span
        className="float-header-with-flex"
      >
        <Link
          replace={false}
          to="/search"
        >
          <i
            className="material-icons medium search-icon"
          >
            search
          </i>
        </Link>
      </span>
      <span>
        <h5
          className="username-format"
        >
          <i
            className="material-icons username-icon"
          >
            account_circle
          </i>
          Welcome, 
        </h5>
      </span>
    </div>
    <div
      className="flexer flexer-row"
    >
      <div
        className="flexed bill-list"
      >
        <div
          className="bill-header"
        >
          <h3>
            Users
          </h3>
        </div>
        <div
          className="bill-body"
        >
          <div
            className="summary-container"
          >
            <div
              className="summary-section"
            >
              <div
                className="summary-list"
                key="5ab426f31d305b4eaf5b5d9b"
              >
                <span>
                   
                  Louis nwamadi
                </span>
                <div
                  className="switch"
                >
                  <label>
                    Off
                    <input
                      id="5ab426f31d305b4eaf5b5d9b"
                      name="5ab426f31d305b4eaf5b5d9b"
                      onChange={[Function]}
                      type="checkbox"
                    />
                    <span
                      className="lever"
                    />
                    On
                  </label>
                </div>
              </div>
            </div>
            <PaginationBoxView
              activeClassName="active"
              breakLabel="..."
              containerClassName="pagination"
              disableInitialCallback={false}
              disabledClassName="disabled"
              marginPagesDisplayed={1}
              nextClassName="next"
              nextLabel="next"
              onPageChange={[Function]}
              pageCount={0}
              pageRangeDisplayed={5}
              previousClassName="previous"
              previousLabel="previous"
              subContainerClassName="pages pagination"
            />
          </div>
        </div>
      </div>
    </div>
  </main>
</div>
`;
